// Jest Snapshot v1, https://goo.gl/fbAQLP

exports[`<RemoteToggle /> renders 1`] = `ShallowWrapper {}`;
